RAM Allocation [bytes]
Variable                                                                          Address   Size
------------------------------------------------------------------------------------------------
_base_y                                                                           0x0275       4

EEPROM Allocation [bytes]
Variable                                                                          Address   Size
------------------------------------------------------------------------------------------------

Register Allocation
Variable                                                                          Register  Size
------------------------------------------------------------------------------------------------
_lcd_x                                                                            R5           1
_lcd_y                                                                            R4           1
_lcd_maxx                                                                         R7           1

FLASH Allocation [words]
Function                                                                          Address   Size
------------------------------------------------------------------------------------------------
itoa_simple_helper_G000                                                           0x00079     46
itoa_simple                                                                       0x000A7     34
ADC_Init                                                                          0x000C9      7
ADC_Read                                                                          0x000D0     21
main                                                                              0x000E5     76
_lcd_write_nibble_G101                                                            0x00131     20
_lcd_write_data                                                                   0x00145     12
lcd_gotoxy                                                                        0x00151     13
lcd_clear                                                                         0x0015E     12
lcd_putchar                                                                       0x0016A     21
lcd_puts                                                                          0x0017F     17
lcd_init                                                                          0x00190     46
